// Jest Snapshot v1, https://goo.gl/fbAQLP

exports[`renders correctly 1`] = `
<header
  className="MuiPaper-root MuiPaper-elevation4 MuiAppBar-root MuiAppBar-positionRelative MuiAppBar-colorPrimary"
>
  <div
    className="MuiToolbar-root MuiToolbar-regular MuiToolbar-gutters"
  >
    <svg
      aria-hidden="true"
      className="MuiSvgIcon-root makeStyles-icon-81"
      focusable="false"
      role="presentation"
      viewBox="0 0 24 24"
    >
      <circle
        cx="12"
        cy="12"
        r="3.2"
      />
      <path
        d="M9 2L7.17 4H4c-1.1 0-2 .9-2 2v12c0 1.1.9 2 2 2h16c1.1 0 2-.9 2-2V6c0-1.1-.9-2-2-2h-3.17L15 2H9zm3 15c-2.76 0-5-2.24-5-5s2.24-5 5-5 5 2.24 5 5-2.24 5-5 5z"
      />
    </svg>
    <h6
      className="MuiTypography-root MuiTypography-h6 MuiTypography-colorInherit MuiTypography-noWrap"
    >
      Marvel app
    </h6>
  </div>
</header>
`;
