// Jest Snapshot v1, https://goo.gl/fbAQLP

exports[`renders correctly 1`] = `
<div
  className="makeStyles-headerContent-174"
>
  <div
    className="MuiContainer-root MuiContainer-maxWidthSm"
  >
    <h1
      className="MuiTypography-root MuiTypography-h2 MuiTypography-colorTextPrimary MuiTypography-gutterBottom MuiTypography-alignCenter"
    >
      Marvel app
    </h1>
    <p
      className="MuiTypography-root MuiTypography-h5 MuiTypography-colorTextSecondary MuiTypography-paragraph MuiTypography-alignCenter"
    >
      Whatever happens tomorrow you must promise me one thing. That you will stay who you are. Not a perfect soldier, but a good man.
    </p>
    <p
      className="MuiTypography-root MuiTypography-h5 MuiTypography-colorTextSecondary MuiTypography-paragraph MuiTypography-alignCenter"
    >
      <i>
        Captain America
      </i>
    </p>
    <div
      className="makeStyles-headerButton-175"
    >
      <div
        className="MuiGrid-root MuiGrid-container MuiGrid-spacing-xs-2 MuiGrid-justify-xs-center"
      >
        <div
          className="MuiGrid-root MuiGrid-item"
        >
          <button
            className="MuiButtonBase-root MuiButton-root MuiButton-contained MuiButton-containedPrimary"
            disabled={false}
            onBlur={[Function]}
            onClick={[Function]}
            onDragLeave={[Function]}
            onFocus={[Function]}
            onKeyDown={[Function]}
            onKeyUp={[Function]}
            onMouseDown={[Function]}
            onMouseLeave={[Function]}
            onMouseUp={[Function]}
            onTouchEnd={[Function]}
            onTouchMove={[Function]}
            onTouchStart={[Function]}
            tabIndex={0}
            type="button"
          >
            <span
              className="MuiButton-label"
            >
              Visit API website
            </span>
          </button>
        </div>
      </div>
    </div>
  </div>
</div>
`;
